Not Found: /static/css/path-to-your-flower-png.png
Not Found: /static/css/{%20static "images/nyc-map-bg.jpg" %7D/static/css/%7B%%20static%20%22images/nyc-map-bg.jpg%22%20%%7D
Not Found: /favicon.ico
Not Found: /static/css/{%20static "images/nyc-map-bg.jpg" %7D/static/css/%7B%%20static%20%22images/nyc-map-bg.jpg%22%20%%7D
Not Found: /static/css/path-to-your-flower-png.png
Not Found: /favicon.ico
Not Found: /static/css/{%20static "images/nyc-map-bg.jpg" %7D/static/css/%7B%%20static%20%22images/nyc-map-bg.jpg%22%20%%7D
Not Found: /static/css/path-to-your-flower-png.png
Not Found: /static/css/{%20static "images/nyc-map-bg.jpg" %7D/static/css/%7B%%20static%20%22images/nyc-map-bg.jpg%22%20%%7D
Not Found: /static/css/path-to-your-flower-png.png
Not Found: /favicon.ico
Not Found: /favicon.ico
Not Found: /static/css/path-to-your-flower-png.png
Not Found: /static/css/{%20static "images/nyc-map-bg.jpg" %7D/static/css/%7B%%20static%20%22images/nyc-map-bg.jpg%22%20%%7D
Not Found: /static/css/{%20static "images/nyc-map-bg.jpg" %7D/static/css/%7B%%20static%20%22images/nyc-map-bg.jpg%22%20%%7D
Not Found: /static/css/path-to-your-flower-png.png
Not Found: /favicon.ico
Not Found: /static/css/path-to-your-flower-png.png
Not Found: /static/css/{%20static "images/nyc-map-bg.jpg" %7D/static/css/%7B%%20static%20%22images/nyc-map-bg.jpg%22%20%%7D
Not Found: /favicon.ico
Invalid HTTP_HOST header: 'www.project.hornetspestcontrols.com'. You may need to add 'www.project.hornetspestcontrols.com' to ALLOWED_HOSTS.
Traceback (most recent call last):
  File "/home/hightech/virtualenv/project.hornetspestcontrols.com/flower/3.10/lib/python3.10/site-packages/django/core/handlers/exception.py", line 55, in inner
    response = get_response(request)
  File "/home/hightech/virtualenv/project.hornetspestcontrols.com/flower/3.10/lib/python3.10/site-packages/django/utils/deprecation.py", line 119, in __call__
    response = self.process_request(request)
  File "/home/hightech/virtualenv/project.hornetspestcontrols.com/flower/3.10/lib/python3.10/site-packages/django/middleware/common.py", line 48, in process_request
    host = request.get_host()
  File "/home/hightech/virtualenv/project.hornetspestcontrols.com/flower/3.10/lib/python3.10/site-packages/django/http/request.py", line 203, in get_host
    raise DisallowedHost(msg)
django.core.exceptions.DisallowedHost: Invalid HTTP_HOST header: 'www.project.hornetspestcontrols.com'. You may need to add 'www.project.hornetspestcontrols.com' to ALLOWED_HOSTS.
Not Found: /static/css/path-to-your-flower-png.png
Not Found: /static/css/{%20static "images/nyc-map-bg.jpg" %7D/static/css/%7B%%20static%20%22images/nyc-map-bg.jpg%22%20%%7D
Not Found: /favicon.ico
Not Found: /static/css/{%20static "images/nyc-map-bg.jpg" %7D/static/css/%7B%%20static%20%22images/nyc-map-bg.jpg%22%20%%7D
Not Found: /static/css/path-to-your-flower-png.png
Not Found: /favicon.ico
Not Found: /static/css/path-to-your-flower-png.png
Not Found: /static/css/{%20static "images/nyc-map-bg.jpg" %7D/static/css/%7B%%20static%20%22images/nyc-map-bg.jpg%22%20%%7D
[UID:1788][3503076] Child process with pid: 3529742 was killed by signal: 15, core dumped: no
OSError: LSAPI: File error
Not Found: /static/css/path-to-your-flower-png.png
Not Found: /static/css/{%20static "images/nyc-map-bg.jpg" %7D/static/css/%7B%%20static%20%22images/nyc-map-bg.jpg%22%20%%7D
Not Found: /favicon.ico
Not Found: /static/css/path-to-your-flower-png.png
Not Found: /static/css/{%20static "images/nyc-map-bg.jpg" %7D/static/css/%7B%%20static%20%22images/nyc-map-bg.jpg%22%20%%7D
Not Found: /favicon.ico
Not Found: /static/css/{%20static "images/nyc-map-bg.jpg" %7D/static/css/%7B%%20static%20%22images/nyc-map-bg.jpg%22%20%%7D
Not Found: /static/css/path-to-your-flower-png.png
Not Found: /favicon.ico
Not Found: /static/css/{%20static "images/nyc-map-bg.jpg" %7D/static/css/%7B%%20static%20%22images/nyc-map-bg.jpg%22%20%%7D
Not Found: /static/css/path-to-your-flower-png.png
